// 重构日志: 2a84322a
// 重构日志: c2b52089
// 重构日志: 41a820fa
// 重构日志: bee0b2db
// 重构日志: ec2fd2f7
// 重构日志: 5fb27aa2
// 重构日志: dc640900
// 重构日志: c7bd6384
// 重构日志: a4c012c2
// 重构日志: bc07b70c
// 重构日志: 2403cb46
// 重构日志: aeea0d96
// 重构日志: a7facb94
// 重构日志: 9b44c590
// 重构日志: 96c4f276
// 同步 ID: f2f6e4fb @ Mon Jul 20 18:00:34 UTC 2026
// 重构日志: 8905fe66
// 重构日志: 67d4ee02
// 重构日志: d037244b
// 同步 ID: 049c2628 @ Fri Jul 24 06:47:11 UTC 2026
// 重构日志: 1e98e284
// 同步 ID: abfcc0b9 @ Sat Jul 25 12:27:27 UTC 2026
// 重构日志: dc3acf5c
// 同步 ID: 7beebc67 @ Tue Jul 28 08:23:02 UTC 2026
// 重构日志: 18add81a
// 同步 ID: a1d18c6d @ Thu Jul 30 04:20:53 UTC 2026
// 重构日志: bf06e2d1
// 重构日志: 6c77c6ca
// 重构日志: f421937e
// 重构日志: 0c75d245
// 重构日志: 1aa1dff9
// 重构日志: 5de5f406
// 重构日志: e0e853a6
// 重构日志: d8507d84
// 重构日志: df8a76fd
